// Vitest Snapshot v1

exports[`render 1`] = `
<div>
  <div>
    hello world
  </div>
</div>
`;
